src/components/monthly-closing/ChildBranchReport.tsx(17,52): error TS6133: 'month' is declared but its value is never read.
src/pages/MonthlyClosing.tsx(6,24): error TS2307: Cannot find module '../components/PageHeader' or its corresponding type declarations.
