  console.log
    [dotenv@17.3.1] injecting env (4) from .env -- tip: ≡ا¤ encrypt with Dotenvx: https://dotenvx.com

      at _log (node_modules/dotenv/lib/main.js:139:11)

[0mGET /health [32m200[0m 2.352 ms - 63[0m
[0mPOST /api/auth/login [33m400[0m 0.670 ms - 46[0m
[0mGET /api/branches [32m200[0m 6.590 ms - 2[0m
node.exe : FAIL 
tests/smoke.test.js
At line:1 char:1
+ & "C:\Program 
Files\nodejs/node.exe" "C:\Us
ers\mkame\AppData\Roaming\ 
...
+ ~~~~~~~~~~~~~~~~~~~~~~~~~~~
~~~~~~~~~~~~~~~~~~~~~~~~~~~~~
~~~~~~~~~~~~~
    + CategoryInfo           
   : NotSpecified: (FAIL te  
  sts/smoke.test.js:String   
 ) [], RemoteException
    + FullyQualifiedErrorId  
   : NativeCommandError
 
  Admin Portal Smoke Tests
    ظêأ Health Check 
Endpoint (31 ms)
    ظêأ Auth Endpoint 
returns 401 without 
credentials (21 ms)
    ├ù Branches Endpoint 
requires auth (15 ms)

  ظù Admin Portal Smoke 
Tests ظ║ Branches Endpoint 
requires auth

    expect(received).toBe(exp
ected) // Object.is equality

    Expected: 401
    Received: 200

    [0m [90m 18 |[39m   
test([32m'Branches Endpoint 
requires 
auth'[39m[33m,[39m 
[36masync[39m () 
[33m=>[39m {
     [90m 19 |[39m     
[36mconst[39m res 
[33m=[39m [36mawait[39m r
equest(app)[33m.[39m[36mge
t[39m([32m'/api/branches'[
39m)[33m;[39m
    
[31m[1m>[22m[39m[90m 20 
|[39m     expect(res[33m.[
39mstatusCode)[33m.[39mtoBe
([35m401[39m)[33m;[39m
     [90m    |[39m         
                   
[31m[1m^[22m[39m
     [90m 21 |[39m   
})[33m;[39m
     [90m 22 |[39m 
})[33m;[39m
     [90m 23 |[39m[0m

      at Object.toBe 
(tests/smoke.test.js:20:28)

Test Suites: 1 failed, 1 
total
Tests:       1 failed, 2 
passed, 3 total
Snapshots:   0 total
Time:        0.726 s, 
estimated 1 s
Ran all test suites matching 
tests/smoke.test.js.
